{"level":"INFO","timestamp":"2025-11-18T09:02:06.370+0700","msg":"Email : &{3 ngohoanggiang1906@gmail.com giang $2a$10$CFvDMhsXDZmz6FWAOnyJD.QtmtZvKrTM0c4Y4mZ/ztg812F02aX7S /uploads/user-3-8379ef98-8943-48f0-bee3-4cf6b6d7933f.jpg}","service":"attendeeService","func":"RegisterAttendee"}
{"level":"INFO","timestamp":"2025-11-18T09:03:49.759+0700","msg":"Email : &{3 ngohoanggiang1906@gmail.com giang $2a$10$CFvDMhsXDZmz6FWAOnyJD.QtmtZvKrTM0c4Y4mZ/ztg812F02aX7S /uploads/user-3-8379ef98-8943-48f0-bee3-4cf6b6d7933f.jpg}","service":"attendeeService","func":"RegisterAttendee"}
{"level":"INFO","timestamp":"2025-11-18T09:04:21.317+0700","msg":"Email : &{3 ngohoanggiang1906@gmail.com giang $2a$10$CFvDMhsXDZmz6FWAOnyJD.QtmtZvKrTM0c4Y4mZ/ztg812F02aX7S /uploads/user-3-8379ef98-8943-48f0-bee3-4cf6b6d7933f.jpg}","service":"attendeeService","func":"RegisterAttendee"}
{"level":"INFO","timestamp":"2025-11-18T09:05:13.753+0700","msg":"Email : &{3 ngohoanggiang1906@gmail.com giang $2a$10$CFvDMhsXDZmz6FWAOnyJD.QtmtZvKrTM0c4Y4mZ/ztg812F02aX7S /uploads/user-3-8379ef98-8943-48f0-bee3-4cf6b6d7933f.jpg}","service":"attendeeService","func":"RegisterAttendee"}
{"level":"INFO","timestamp":"2025-11-18T09:05:50.574+0700","msg":"Email : &{3 ngohoanggiang1906@gmail.com giang $2a$10$CFvDMhsXDZmz6FWAOnyJD.QtmtZvKrTM0c4Y4mZ/ztg812F02aX7S /uploads/user-3-8379ef98-8943-48f0-bee3-4cf6b6d7933f.jpg}","service":"attendeeService","func":"RegisterAttendee"}
{"level":"INFO","timestamp":"2025-11-18T09:11:01.267+0700","msg":"Email : &{3 ngohoanggiang1906@gmail.com giang $2a$10$CFvDMhsXDZmz6FWAOnyJD.QtmtZvKrTM0c4Y4mZ/ztg812F02aX7S /uploads/user-3-8379ef98-8943-48f0-bee3-4cf6b6d7933f.jpg}","service":"attendeeService","func":"RegisterAttendee"}
{"level":"INFO","timestamp":"2025-11-18T09:15:26.949+0700","msg":"Email : &{3 ngohoanggiang1906@gmail.com giang $2a$10$CFvDMhsXDZmz6FWAOnyJD.QtmtZvKrTM0c4Y4mZ/ztg812F02aX7S /uploads/user-3-8379ef98-8943-48f0-bee3-4cf6b6d7933f.jpg}","service":"attendeeService","func":"RegisterAttendee"}
{"level":"INFO","timestamp":"2025-11-18T09:18:06.568+0700","msg":"Email : &{3 ngohoanggiang1906@gmail.com giang $2a$10$CFvDMhsXDZmz6FWAOnyJD.QtmtZvKrTM0c4Y4mZ/ztg812F02aX7S /uploads/user-3-8379ef98-8943-48f0-bee3-4cf6b6d7933f.jpg}","service":"attendeeService","func":"RegisterAttendee"}
{"level":"INFO","timestamp":"2025-11-18T09:18:18.408+0700","msg":"Email : &{3 ngohoanggiang1906@gmail.com giang $2a$10$CFvDMhsXDZmz6FWAOnyJD.QtmtZvKrTM0c4Y4mZ/ztg812F02aX7S /uploads/user-3-8379ef98-8943-48f0-bee3-4cf6b6d7933f.jpg}","service":"attendeeService","func":"RegisterAttendee"}
{"level":"INFO","timestamp":"2025-11-18T09:21:58.824+0700","msg":"Email : &{3 ngohoanggiang1906@gmail.com giang $2a$10$CFvDMhsXDZmz6FWAOnyJD.QtmtZvKrTM0c4Y4mZ/ztg812F02aX7S /uploads/user-3-8379ef98-8943-48f0-bee3-4cf6b6d7933f.jpg}","service":"attendeeService","func":"RegisterAttendee"}
{"level":"INFO","timestamp":"2025-11-18T09:39:13.102+0700","msg":"Email : &{3 ngohoanggiang1906@gmail.com giang $2a$10$CFvDMhsXDZmz6FWAOnyJD.QtmtZvKrTM0c4Y4mZ/ztg812F02aX7S /uploads/user-3-8379ef98-8943-48f0-bee3-4cf6b6d7933f.jpg}","service":"attendeeService","func":"RegisterAttendee"}
{"level":"INFO","timestamp":"2025-11-18T09:40:32.891+0700","msg":"Email : &{3 ngohoanggiang1906@gmail.com giang $2a$10$CFvDMhsXDZmz6FWAOnyJD.QtmtZvKrTM0c4Y4mZ/ztg812F02aX7S /uploads/user-3-8379ef98-8943-48f0-bee3-4cf6b6d7933f.jpg}","service":"attendeeService","func":"RegisterAttendee"}
{"level":"INFO","timestamp":"2025-11-18T09:43:49.862+0700","msg":"Email : &{3 ngohoanggiang1906@gmail.com giang $2a$10$CFvDMhsXDZmz6FWAOnyJD.QtmtZvKrTM0c4Y4mZ/ztg812F02aX7S /uploads/user-3-8379ef98-8943-48f0-bee3-4cf6b6d7933f.jpg}","service":"attendeeService","func":"RegisterAttendee"}
{"level":"INFO","timestamp":"2025-11-18T09:49:08.164+0700","msg":"Email : &{3 ngohoanggiang1906@gmail.com giang $2a$10$CFvDMhsXDZmz6FWAOnyJD.QtmtZvKrTM0c4Y4mZ/ztg812F02aX7S /uploads/user-3-8379ef98-8943-48f0-bee3-4cf6b6d7933f.jpg}","service":"attendeeService","func":"RegisterAttendee"}
{"level":"INFO","timestamp":"2025-11-18T09:59:07.361+0700","msg":"Email : &{3 ngohoanggiang1906@gmail.com giang $2a$10$CFvDMhsXDZmz6FWAOnyJD.QtmtZvKrTM0c4Y4mZ/ztg812F02aX7S /uploads/user-3-8379ef98-8943-48f0-bee3-4cf6b6d7933f.jpg}","service":"attendeeService","func":"RegisterAttendee"}
{"level":"INFO","timestamp":"2025-11-18T09:59:42.516+0700","msg":"Email : &{3 ngohoanggiang1906@gmail.com giang $2a$10$CFvDMhsXDZmz6FWAOnyJD.QtmtZvKrTM0c4Y4mZ/ztg812F02aX7S /uploads/user-3-8379ef98-8943-48f0-bee3-4cf6b6d7933f.jpg}","service":"attendeeService","func":"RegisterAttendee"}
{"level":"INFO","timestamp":"2025-11-18T10:00:17.205+0700","msg":"Email : &{3 ngohoanggiang1906@gmail.com giang $2a$10$CFvDMhsXDZmz6FWAOnyJD.QtmtZvKrTM0c4Y4mZ/ztg812F02aX7S /uploads/user-3-8379ef98-8943-48f0-bee3-4cf6b6d7933f.jpg}","service":"attendeeService","func":"RegisterAttendee"}
{"level":"INFO","timestamp":"2025-11-18T10:03:36.102+0700","msg":"Email : &{3 ngohoanggiang1906@gmail.com giang $2a$10$CFvDMhsXDZmz6FWAOnyJD.QtmtZvKrTM0c4Y4mZ/ztg812F02aX7S /uploads/user-3-8379ef98-8943-48f0-bee3-4cf6b6d7933f.jpg}","service":"attendeeService","func":"RegisterAttendee"}
{"level":"INFO","timestamp":"2025-11-18T10:06:14.540+0700","msg":"Email : &{3 ngohoanggiang1906@gmail.com giang $2a$10$CFvDMhsXDZmz6FWAOnyJD.QtmtZvKrTM0c4Y4mZ/ztg812F02aX7S /uploads/user-3-8379ef98-8943-48f0-bee3-4cf6b6d7933f.jpg}","service":"attendeeService","func":"RegisterAttendee"}
{"level":"INFO","timestamp":"2025-11-18T10:06:28.308+0700","msg":"Email : &{3 ngohoanggiang1906@gmail.com giang $2a$10$CFvDMhsXDZmz6FWAOnyJD.QtmtZvKrTM0c4Y4mZ/ztg812F02aX7S /uploads/user-3-8379ef98-8943-48f0-bee3-4cf6b6d7933f.jpg}","service":"attendeeService","func":"RegisterAttendee"}
{"level":"INFO","timestamp":"2025-11-18T10:10:23.580+0700","msg":"Email : &{3 ngohoanggiang1906@gmail.com giang $2a$10$CFvDMhsXDZmz6FWAOnyJD.QtmtZvKrTM0c4Y4mZ/ztg812F02aX7S /uploads/user-3-8379ef98-8943-48f0-bee3-4cf6b6d7933f.jpg}","service":"attendeeService","func":"RegisterAttendee"}
{"level":"INFO","timestamp":"2025-11-18T10:14:22.744+0700","msg":"Email : &{3 ngohoanggiang1906@gmail.com giang $2a$10$CFvDMhsXDZmz6FWAOnyJD.QtmtZvKrTM0c4Y4mZ/ztg812F02aX7S /uploads/user-3-8379ef98-8943-48f0-bee3-4cf6b6d7933f.jpg}","service":"attendeeService","func":"RegisterAttendee"}
{"level":"INFO","timestamp":"2025-11-18T10:20:09.577+0700","msg":"Email : &{3 ngohoanggiang1906@gmail.com giang $2a$10$CFvDMhsXDZmz6FWAOnyJD.QtmtZvKrTM0c4Y4mZ/ztg812F02aX7S /uploads/user-3-8379ef98-8943-48f0-bee3-4cf6b6d7933f.jpg}","service":"attendeeService","func":"RegisterAttendee"}
{"level":"INFO","timestamp":"2025-11-18T10:42:33.003+0700","msg":"Email : &{3 ngohoanggiang1906@gmail.com giang $2a$10$CFvDMhsXDZmz6FWAOnyJD.QtmtZvKrTM0c4Y4mZ/ztg812F02aX7S /uploads/user-3-8379ef98-8943-48f0-bee3-4cf6b6d7933f.jpg}","service":"attendeeService","func":"RegisterAttendee"}
{"level":"INFO","timestamp":"2025-11-18T10:59:50.944+0700","msg":"Tạo file excel thành công","service":"ExportUsersExcel","func":"ExportUsersExcel"}
{"level":"INFO","timestamp":"2025-11-18T11:06:18.758+0700","msg":"Tạo file excel thành công","service":"ExportUsersExcel","func":"ExportUsersExcel"}
{"level":"INFO","timestamp":"2025-11-18T11:06:55.642+0700","msg":"Tạo file excel thành công","service":"userService","func":"ExportUsersExcel"}
{"level":"ERROR","timestamp":"2025-11-18T11:20:15.870+0700","msg":"email 'ngohoanggiang1906@gmail.com' này đã được user khác sử dụng - không thể thêm","service":"userService","func":"ImportUsersExcel"}
{"level":"ERROR","timestamp":"2025-11-18T11:20:18.311+0700","msg":"email 'ngohoanggiang1906@gmail.com' này đã được user khác sử dụng - không thể thêm","service":"userService","func":"ImportUsersExcel"}
{"level":"INFO","timestamp":"2025-11-18T11:20:48.735+0700","msg":"Tạo file excel thành công","service":"userService","func":"ExportUsersExcel"}
{"level":"ERROR","timestamp":"2025-11-18T11:29:23.818+0700","msg":"email 'ngohoanggiang@gmail.com' này đã được user khác sử dụng - không thể thêm","service":"userService","func":"ImportUsersExcel"}
{"level":"ERROR","timestamp":"2025-11-18T11:30:21.028+0700","msg":"email 'ngohoanggiang@gmail.com' này đã được user khác sử dụng - không thể thêm","service":"userService","func":"ImportUsersExcel"}
{"level":"ERROR","timestamp":"2025-11-18T11:30:21.799+0700","msg":"email 'ngohoanggiang@gmail.com' này đã được user khác sử dụng - không thể thêm","service":"userService","func":"ImportUsersExcel"}
